2026-02-12 20:50:16 [INFO] [demo4_debug] Previous state cleared
2026-02-12 20:50:16 [INFO] [demo4_debug] Starting agents for Purchase...
2026-02-12 20:50:16 [INFO] [demo4_debug] Wrote config to C:\Users\Omkar\AppData\Local\Temp\maf_chips_config.txt: Purchase:Buyer
2026-02-12 20:50:16 [INFO] [demo4_debug] Wrote scenario input from C:\PhD\Research\MultiAgents\Code\MAF\input_purchase.txt
2026-02-12 20:50:16 [INFO] [demo4_debug] Started ahoy.py (PID: 72216)
2026-02-12 20:50:18 [INFO] [demo4_debug] Started seller (PID: 67736)
2026-02-12 20:50:18 [INFO] [demo4_debug] Started shipper (PID: 72180)
2026-02-12 20:50:19 [INFO] [demo4_debug] Starting event injection for Buyer...
2026-02-12 20:50:29 [INFO] [demo4_debug] Demo execution completed in 10.02 seconds
2026-02-12 20:50:29 [INFO] [demo4_debug] Analyzing results...
2026-02-12 20:50:29 [INFO] [demo4_debug] Found agent debug log: generic_agent_debug_20260212_205016.log
2026-02-12 20:50:29 [INFO] [demo4_debug] Analysis report saved to C:\PhD\Research\MultiAgents\Code\MAF\demo\demo4\results\demo4_analysis_20260212_205016.json
2026-02-12 20:50:29 [INFO] [demo4_debug] Demo 4 completed successfully!
2026-02-12 20:50:29 [INFO] [demo4_debug] Stop signal written
2026-02-12 20:50:30 [INFO] [demo4_debug] Terminating agents...
2026-02-12 20:50:30 [INFO] [demo4_debug] Terminated ahoy.py
2026-02-12 20:50:30 [INFO] [demo4_debug] Terminated seller
2026-02-12 20:50:30 [INFO] [demo4_debug] Terminated shipper
2026-02-12 20:50:30 [INFO] [demo4_debug] All agents terminated
d to C:\PhD\Research\MultiAgents\Code\MAF\demo\demo4\results\demo4_events_20260212_205016.json
