2026-02-04 17:16:34 [INFO] [demo3] ======================================================================
2026-02-04 17:16:34 [INFO] [demo3] DEMO 3: Concurrent Multi-Protocol Participation
2026-02-04 17:16:34 [INFO] [demo3] ======================================================================
2026-02-04 17:16:34 [INFO] [demo3] Start Time: 2026-02-04 17:16:34
2026-02-04 17:16:34 [INFO] [demo3] Results Directory: C:\PhD\Research\MultiAgents\Code\MAF\demo\demo3\results
2026-02-04 17:16:34 [INFO] [demo3] Log File: C:\PhD\Research\MultiAgents\Code\MAF\demo\demo3\results\demo3_20260204_171634.log
2026-02-04 17:16:34 [DEBUG] [demo3_debug] Project Root: C:\PhD\Research\MultiAgents\Code\MAF
2026-02-04 17:16:34 [DEBUG] [demo3_debug] Cleared stop signal
2026-02-04 17:16:34 [INFO] [demo3] 
======================================================================
2026-02-04 17:16:34 [INFO] [demo3] Configuration: One Agent, Multiple Protocol Roles
2026-02-04 17:16:34 [INFO] [demo3] ======================================================================

2026-02-04 17:16:34 [INFO] [demo3] Agent will play 2 roles across 2 protocols:
2026-02-04 17:16:34 [INFO] [demo3]   - Buyer in Purchase
2026-02-04 17:16:34 [INFO] [demo3]   - Merchant in Logistics
2026-02-04 17:16:34 [ERROR] [demo3] Fatal error in demo harness: Logger.info() missing 1 required positional argument: 'msg'
2026-02-04 17:16:34 [ERROR] [demo3_debug] Exception: Logger.info() missing 1 required positional argument: 'msg'
Traceback (most recent call last):
  File "C:\PhD\Research\MultiAgents\Code\MAF\demo\demo3\demo3_harness.py", line 666, in main
    logger.info()
TypeError: Logger.info() missing 1 required positional argument: 'msg'
2026-02-04 17:16:34 [DEBUG] [demo3_debug] Set stop signal
2026-02-04 17:16:34 [DEBUG] [demo3_debug] Demo harness shutdown
