2026-01-29 20:17:43,941 - demo1_protocol_portability - ERROR -   Invalid protocol/role: InvalidProtocol/InvalidRole
2026-01-29 20:17:43,950 - demo1_protocol_portability - ERROR -   Invalid protocol/role: Purchase/InvalidRole
2026-01-29 20:17:43,961 - demo1_protocol_portability - ERROR -   Unexpected error: 'Adapter' object has no attribute 'enabled_store'
2026-01-29 20:17:44,006 - demo1_protocol_portability - ERROR -   Unexpected error: 'Adapter' object has no attribute 'enabled_store'
2026-01-29 20:17:44,006 - demo1_protocol_portability - ERROR -   Unexpected error: 'Adapter' object has no attribute 'enabled_store'
2026-01-29 20:17:44,020 - demo1_protocol_portability - ERROR -   Invalid protocol/role: BadProto/BadRole
2026-01-29 20:17:44,039 - demo1_protocol_portability - INFO - ======================================================================
2026-01-29 20:17:44,040 - demo1_protocol_portability - INFO - Demo 1: Protocol Portability - Starting
2026-01-29 20:17:44,040 - demo1_protocol_portability - INFO - Testing: Same agent logic across multiple protocols
2026-01-29 20:17:44,040 - demo1_protocol_portability - INFO - ======================================================================
2026-01-29 20:17:44,040 - demo1_protocol_portability - INFO - 
[Scenario] purchase_buyer
2026-01-29 20:17:44,040 - demo1_protocol_portability - INFO -   Protocol: Purchase
2026-01-29 20:17:44,040 - demo1_protocol_portability - INFO -   Role: Buyer
2026-01-29 20:17:44,040 - demo1_protocol_portability - INFO -   Goal: Buy a pen for less than $10
2026-01-29 20:17:44,045 - demo1_protocol_portability - INFO - 
[Scenario] logistics_merchant
2026-01-29 20:17:44,045 - demo1_protocol_portability - INFO -   Protocol: Logistics
2026-01-29 20:17:44,045 - demo1_protocol_portability - INFO -   Role: Merchant
2026-01-29 20:17:44,045 - demo1_protocol_portability - INFO -   Goal: Organize the wrapping and labeling of packages
2026-01-29 20:17:44,047 - demo1_protocol_portability - INFO - 
======================================================================
2026-01-29 20:17:44,047 - demo1_protocol_portability - INFO - Demo 1: Protocol Portability - Complete
2026-01-29 20:17:44,047 - demo1_protocol_portability - INFO - Success Rate: 2/2
2026-01-29 20:17:44,047 - demo1_protocol_portability - INFO - Total Steps Executed: 10
2026-01-29 20:17:44,047 - demo1_protocol_portability - INFO - Total Messages Sent: 6
2026-01-29 20:17:44,047 - demo1_protocol_portability - INFO - Violations Detected: 0
2026-01-29 20:17:44,047 - demo1_protocol_portability - INFO - ======================================================================
2026-01-29 20:18:51,677 - demo1_protocol_portability - ERROR -   Invalid protocol/role: InvalidProtocol/InvalidRole
2026-01-29 20:18:51,686 - demo1_protocol_portability - ERROR -   Invalid protocol/role: Purchase/InvalidRole
2026-01-29 20:18:51,695 - demo1_protocol_portability - ERROR -   Unexpected error: 'Adapter' object has no attribute 'enabled_store'
2026-01-29 20:18:51,721 - demo1_protocol_portability - ERROR -   Unexpected error: 'Adapter' object has no attribute 'enabled_store'
2026-01-29 20:18:51,721 - demo1_protocol_portability - ERROR -   Unexpected error: 'Adapter' object has no attribute 'enabled_store'
2026-01-29 20:18:51,730 - demo1_protocol_portability - ERROR -   Invalid protocol/role: BadProto/BadRole
2026-01-29 20:18:51,748 - demo1_protocol_portability - INFO - ======================================================================
2026-01-29 20:18:51,748 - demo1_protocol_portability - INFO - Demo 1: Protocol Portability - Starting
2026-01-29 20:18:51,748 - demo1_protocol_portability - INFO - Testing: Same agent logic across multiple protocols
2026-01-29 20:18:51,748 - demo1_protocol_portability - INFO - ======================================================================
2026-01-29 20:18:51,748 - demo1_protocol_portability - INFO - 
[Scenario] purchase_buyer
2026-01-29 20:18:51,748 - demo1_protocol_portability - INFO -   Protocol: Purchase
2026-01-29 20:18:51,748 - demo1_protocol_portability - INFO -   Role: Buyer
2026-01-29 20:18:51,748 - demo1_protocol_portability - INFO -   Goal: Buy a pen for less than $10
2026-01-29 20:18:51,752 - demo1_protocol_portability - INFO - 
[Scenario] logistics_merchant
2026-01-29 20:18:51,752 - demo1_protocol_portability - INFO -   Protocol: Logistics
2026-01-29 20:18:51,752 - demo1_protocol_portability - INFO -   Role: Merchant
2026-01-29 20:18:51,752 - demo1_protocol_portability - INFO -   Goal: Organize the wrapping and labeling of packages
2026-01-29 20:18:51,753 - demo1_protocol_portability - INFO - 
======================================================================
2026-01-29 20:18:51,753 - demo1_protocol_portability - INFO - Demo 1: Protocol Portability - Complete
2026-01-29 20:18:51,753 - demo1_protocol_portability - INFO - Success Rate: 2/2
2026-01-29 20:18:51,753 - demo1_protocol_portability - INFO - Total Steps Executed: 10
2026-01-29 20:18:51,753 - demo1_protocol_portability - INFO - Total Messages Sent: 6
2026-01-29 20:18:51,753 - demo1_protocol_portability - INFO - Violations Detected: 0
2026-01-29 20:18:51,753 - demo1_protocol_portability - INFO - ======================================================================
2026-01-29 20:18:57,339 - demo1_protocol_portability - INFO - ======================================================================
2026-01-29 20:18:57,339 - demo1_protocol_portability - INFO - Demo 1: Protocol Portability - Starting
2026-01-29 20:18:57,339 - demo1_protocol_portability - INFO - Testing: Same agent logic across multiple protocols
2026-01-29 20:18:57,339 - demo1_protocol_portability - INFO - ======================================================================
2026-01-29 20:18:57,339 - demo1_protocol_portability - INFO - 
[Scenario] purchase_buyer
2026-01-29 20:18:57,339 - demo1_protocol_portability - INFO -   Protocol: Purchase
2026-01-29 20:18:57,340 - demo1_protocol_portability - INFO -   Role: Buyer
2026-01-29 20:18:57,340 - demo1_protocol_portability - INFO -   Goal: Buy a pen for less than $10
2026-01-29 20:18:57,343 - demo1_protocol_portability - INFO - 
[Scenario] logistics_merchant
2026-01-29 20:18:57,344 - demo1_protocol_portability - INFO -   Protocol: Logistics
2026-01-29 20:18:57,344 - demo1_protocol_portability - INFO -   Role: Merchant
2026-01-29 20:18:57,344 - demo1_protocol_portability - INFO -   Goal: Organize the wrapping and labeling of packages
2026-01-29 20:18:57,346 - demo1_protocol_portability - INFO - 
======================================================================
2026-01-29 20:18:57,346 - demo1_protocol_portability - INFO - Demo 1: Protocol Portability - Complete
2026-01-29 20:18:57,346 - demo1_protocol_portability - INFO - Success Rate: 2/2
2026-01-29 20:18:57,347 - demo1_protocol_portability - INFO - Total Steps Executed: 10
2026-01-29 20:18:57,347 - demo1_protocol_portability - INFO - Total Messages Sent: 6
2026-01-29 20:18:57,347 - demo1_protocol_portability - INFO - Violations Detected: 0
2026-01-29 20:18:57,347 - demo1_protocol_portability - INFO - ======================================================================
2026-01-29 20:19:10,069 - demo1_protocol_portability - ERROR -   Invalid protocol/role: InvalidProtocol/InvalidRole
2026-01-29 20:19:10,077 - demo1_protocol_portability - ERROR -   Invalid protocol/role: Purchase/InvalidRole
2026-01-29 20:19:10,086 - demo1_protocol_portability - ERROR -   Unexpected error: 'Adapter' object has no attribute 'enabled_store'
2026-01-29 20:19:10,114 - demo1_protocol_portability - ERROR -   Unexpected error: 'Adapter' object has no attribute 'enabled_store'
2026-01-29 20:19:10,114 - demo1_protocol_portability - ERROR -   Unexpected error: 'Adapter' object has no attribute 'enabled_store'
2026-01-29 20:19:10,123 - demo1_protocol_portability - ERROR -   Invalid protocol/role: BadProto/BadRole
2026-01-29 20:19:10,141 - demo1_protocol_portability - INFO - ======================================================================
2026-01-29 20:19:10,141 - demo1_protocol_portability - INFO - Demo 1: Protocol Portability - Starting
2026-01-29 20:19:10,141 - demo1_protocol_portability - INFO - Testing: Same agent logic across multiple protocols
2026-01-29 20:19:10,141 - demo1_protocol_portability - INFO - ======================================================================
2026-01-29 20:19:10,141 - demo1_protocol_portability - INFO - 
[Scenario] purchase_buyer
2026-01-29 20:19:10,141 - demo1_protocol_portability - INFO -   Protocol: Purchase
2026-01-29 20:19:10,141 - demo1_protocol_portability - INFO -   Role: Buyer
2026-01-29 20:19:10,141 - demo1_protocol_portability - INFO -   Goal: Buy a pen for less than $10
2026-01-29 20:19:10,144 - demo1_protocol_portability - INFO - 
[Scenario] logistics_merchant
2026-01-29 20:19:10,144 - demo1_protocol_portability - INFO -   Protocol: Logistics
2026-01-29 20:19:10,144 - demo1_protocol_portability - INFO -   Role: Merchant
2026-01-29 20:19:10,144 - demo1_protocol_portability - INFO -   Goal: Organize the wrapping and labeling of packages
2026-01-29 20:19:10,150 - demo1_protocol_portability - INFO - 
======================================================================
2026-01-29 20:19:10,150 - demo1_protocol_portability - INFO - Demo 1: Protocol Portability - Complete
2026-01-29 20:19:10,150 - demo1_protocol_portability - INFO - Success Rate: 2/2
2026-01-29 20:19:10,150 - demo1_protocol_portability - INFO - Total Steps Executed: 10
2026-01-29 20:19:10,150 - demo1_protocol_portability - INFO - Total Messages Sent: 6
2026-01-29 20:19:10,150 - demo1_protocol_portability - INFO - Violations Detected: 0
2026-01-29 20:19:10,150 - demo1_protocol_portability - INFO - ======================================================================
2026-01-29 20:19:16,983 - demo1_protocol_portability - ERROR -   Invalid protocol/role: InvalidProtocol/InvalidRole
2026-01-29 20:19:16,991 - demo1_protocol_portability - ERROR -   Invalid protocol/role: Purchase/InvalidRole
2026-01-29 20:19:17,000 - demo1_protocol_portability - ERROR -   Unexpected error: 'Adapter' object has no attribute 'enabled_store'
2026-01-29 20:19:17,027 - demo1_protocol_portability - ERROR -   Unexpected error: 'Adapter' object has no attribute 'enabled_store'
2026-01-29 20:19:17,027 - demo1_protocol_portability - ERROR -   Unexpected error: 'Adapter' object has no attribute 'enabled_store'
2026-01-29 20:19:17,036 - demo1_protocol_portability - ERROR -   Invalid protocol/role: BadProto/BadRole
2026-01-29 20:19:17,053 - demo1_protocol_portability - INFO - ======================================================================
2026-01-29 20:19:17,054 - demo1_protocol_portability - INFO - Demo 1: Protocol Portability - Starting
2026-01-29 20:19:17,054 - demo1_protocol_portability - INFO - Testing: Same agent logic across multiple protocols
2026-01-29 20:19:17,054 - demo1_protocol_portability - INFO - ======================================================================
2026-01-29 20:19:17,054 - demo1_protocol_portability - INFO - 
[Scenario] purchase_buyer
2026-01-29 20:19:17,054 - demo1_protocol_portability - INFO -   Protocol: Purchase
2026-01-29 20:19:17,054 - demo1_protocol_portability - INFO -   Role: Buyer
2026-01-29 20:19:17,054 - demo1_protocol_portability - INFO -   Goal: Buy a pen for less than $10
2026-01-29 20:19:17,059 - demo1_protocol_portability - INFO - 
[Scenario] logistics_merchant
2026-01-29 20:19:17,059 - demo1_protocol_portability - INFO -   Protocol: Logistics
2026-01-29 20:19:17,059 - demo1_protocol_portability - INFO -   Role: Merchant
2026-01-29 20:19:17,059 - demo1_protocol_portability - INFO -   Goal: Organize the wrapping and labeling of packages
2026-01-29 20:19:17,060 - demo1_protocol_portability - INFO - 
======================================================================
2026-01-29 20:19:17,060 - demo1_protocol_portability - INFO - Demo 1: Protocol Portability - Complete
2026-01-29 20:19:17,060 - demo1_protocol_portability - INFO - Success Rate: 2/2
2026-01-29 20:19:17,061 - demo1_protocol_portability - INFO - Total Steps Executed: 10
2026-01-29 20:19:17,061 - demo1_protocol_portability - INFO - Total Messages Sent: 6
2026-01-29 20:19:17,061 - demo1_protocol_portability - INFO - Violations Detected: 0
2026-01-29 20:19:17,061 - demo1_protocol_portability - INFO - ======================================================================
2026-01-29 20:20:13,955 - demo1_protocol_portability - ERROR -   Invalid protocol/role: InvalidProtocol/InvalidRole
2026-01-29 20:20:13,963 - demo1_protocol_portability - ERROR -   Invalid protocol/role: Purchase/InvalidRole
2026-01-29 20:20:13,971 - demo1_protocol_portability - ERROR -   Unexpected error: 'Adapter' object has no attribute 'enabled_store'
2026-01-29 20:20:14,000 - demo1_protocol_portability - ERROR -   Unexpected error: 'Adapter' object has no attribute 'enabled_store'
2026-01-29 20:20:14,000 - demo1_protocol_portability - ERROR -   Unexpected error: 'Adapter' object has no attribute 'enabled_store'
2026-01-29 20:20:14,009 - demo1_protocol_portability - ERROR -   Invalid protocol/role: BadProto/BadRole
2026-01-29 20:20:14,026 - demo1_protocol_portability - INFO - ======================================================================
2026-01-29 20:20:14,026 - demo1_protocol_portability - INFO - Demo 1: Protocol Portability - Starting
2026-01-29 20:20:14,026 - demo1_protocol_portability - INFO - Testing: Same agent logic across multiple protocols
2026-01-29 20:20:14,026 - demo1_protocol_portability - INFO - ======================================================================
2026-01-29 20:20:14,026 - demo1_protocol_portability - INFO - 
[Scenario] purchase_buyer
2026-01-29 20:20:14,026 - demo1_protocol_portability - INFO -   Protocol: Purchase
2026-01-29 20:20:14,026 - demo1_protocol_portability - INFO -   Role: Buyer
2026-01-29 20:20:14,026 - demo1_protocol_portability - INFO -   Goal: Buy a pen for less than $10
2026-01-29 20:20:14,029 - demo1_protocol_portability - INFO - 
[Scenario] logistics_merchant
2026-01-29 20:20:14,029 - demo1_protocol_portability - INFO -   Protocol: Logistics
2026-01-29 20:20:14,029 - demo1_protocol_portability - INFO -   Role: Merchant
2026-01-29 20:20:14,030 - demo1_protocol_portability - INFO -   Goal: Organize the wrapping and labeling of packages
2026-01-29 20:20:14,031 - demo1_protocol_portability - INFO - 
======================================================================
2026-01-29 20:20:14,031 - demo1_protocol_portability - INFO - Demo 1: Protocol Portability - Complete
2026-01-29 20:20:14,031 - demo1_protocol_portability - INFO - Success Rate: 2/2
2026-01-29 20:20:14,031 - demo1_protocol_portability - INFO - Total Steps Executed: 10
2026-01-29 20:20:14,031 - demo1_protocol_portability - INFO - Total Messages Sent: 6
2026-01-29 20:20:14,031 - demo1_protocol_portability - INFO - Violations Detected: 0
2026-01-29 20:20:14,031 - demo1_protocol_portability - INFO - ======================================================================
2026-01-29 20:20:22,532 - demo1_protocol_portability - ERROR -   Invalid protocol/role: InvalidProtocol/InvalidRole
2026-01-29 20:20:22,540 - demo1_protocol_portability - ERROR -   Invalid protocol/role: Purchase/InvalidRole
2026-01-29 20:20:22,549 - demo1_protocol_portability - ERROR -   Unexpected error: 'Adapter' object has no attribute 'enabled_store'
2026-01-29 20:20:22,579 - demo1_protocol_portability - ERROR -   Unexpected error: 'Adapter' object has no attribute 'enabled_store'
2026-01-29 20:20:22,579 - demo1_protocol_portability - ERROR -   Unexpected error: 'Adapter' object has no attribute 'enabled_store'
2026-01-29 20:20:22,590 - demo1_protocol_portability - ERROR -   Invalid protocol/role: BadProto/BadRole
2026-01-29 20:20:22,609 - demo1_protocol_portability - INFO - ======================================================================
2026-01-29 20:20:22,609 - demo1_protocol_portability - INFO - Demo 1: Protocol Portability - Starting
2026-01-29 20:20:22,609 - demo1_protocol_portability - INFO - Testing: Same agent logic across multiple protocols
2026-01-29 20:20:22,610 - demo1_protocol_portability - INFO - ======================================================================
2026-01-29 20:20:22,610 - demo1_protocol_portability - INFO - 
[Scenario] purchase_buyer
2026-01-29 20:20:22,610 - demo1_protocol_portability - INFO -   Protocol: Purchase
2026-01-29 20:20:22,610 - demo1_protocol_portability - INFO -   Role: Buyer
2026-01-29 20:20:22,610 - demo1_protocol_portability - INFO -   Goal: Buy a pen for less than $10
2026-01-29 20:20:22,614 - demo1_protocol_portability - INFO - 
[Scenario] logistics_merchant
2026-01-29 20:20:22,614 - demo1_protocol_portability - INFO -   Protocol: Logistics
2026-01-29 20:20:22,614 - demo1_protocol_portability - INFO -   Role: Merchant
2026-01-29 20:20:22,614 - demo1_protocol_portability - INFO -   Goal: Organize the wrapping and labeling of packages
2026-01-29 20:20:22,616 - demo1_protocol_portability - INFO - 
======================================================================
2026-01-29 20:20:22,616 - demo1_protocol_portability - INFO - Demo 1: Protocol Portability - Complete
2026-01-29 20:20:22,616 - demo1_protocol_portability - INFO - Success Rate: 2/2
2026-01-29 20:20:22,617 - demo1_protocol_portability - INFO - Total Steps Executed: 10
2026-01-29 20:20:22,617 - demo1_protocol_portability - INFO - Total Messages Sent: 6
2026-01-29 20:20:22,617 - demo1_protocol_portability - INFO - Violations Detected: 0
2026-01-29 20:20:22,617 - demo1_protocol_portability - INFO - ======================================================================
2026-01-29 20:34:07,066 - demo1_protocol_portability - ERROR -   Invalid protocol/role: InvalidProtocol/InvalidRole
2026-01-29 20:34:07,075 - demo1_protocol_portability - ERROR -   Invalid protocol/role: Purchase/InvalidRole
2026-01-29 20:34:07,083 - demo1_protocol_portability - ERROR -   Unexpected error: 'Adapter' object has no attribute 'enabled_store'
2026-01-29 20:34:07,124 - demo1_protocol_portability - ERROR -   Unexpected error: 'Adapter' object has no attribute 'enabled_store'
2026-01-29 20:34:07,125 - demo1_protocol_portability - ERROR -   Unexpected error: 'Adapter' object has no attribute 'enabled_store'
2026-01-29 20:34:07,140 - demo1_protocol_portability - ERROR -   Invalid protocol/role: BadProto/BadRole
2026-01-29 20:34:07,163 - demo1_protocol_portability - INFO - ======================================================================
2026-01-29 20:34:07,163 - demo1_protocol_portability - INFO - Demo 1: Protocol Portability - Starting
2026-01-29 20:34:07,163 - demo1_protocol_portability - INFO - Testing: Same agent logic across multiple protocols
2026-01-29 20:34:07,164 - demo1_protocol_portability - INFO - ======================================================================
2026-01-29 20:34:07,164 - demo1_protocol_portability - INFO - 
[Scenario] purchase_buyer
2026-01-29 20:34:07,164 - demo1_protocol_portability - INFO -   Protocol: Purchase
2026-01-29 20:34:07,164 - demo1_protocol_portability - INFO -   Role: Buyer
2026-01-29 20:34:07,164 - demo1_protocol_portability - INFO -   Goal: Buy a pen for less than $10
2026-01-29 20:34:07,168 - demo1_protocol_portability - INFO - 
[Scenario] logistics_merchant
2026-01-29 20:34:07,169 - demo1_protocol_portability - INFO -   Protocol: Logistics
2026-01-29 20:34:07,169 - demo1_protocol_portability - INFO -   Role: Merchant
2026-01-29 20:34:07,169 - demo1_protocol_portability - INFO -   Goal: Organize the wrapping and labeling of packages
2026-01-29 20:34:07,171 - demo1_protocol_portability - INFO - 
======================================================================
2026-01-29 20:34:07,171 - demo1_protocol_portability - INFO - Demo 1: Protocol Portability - Complete
2026-01-29 20:34:07,171 - demo1_protocol_portability - INFO - Success Rate: 2/2
2026-01-29 20:34:07,171 - demo1_protocol_portability - INFO - Total Steps Executed: 10
2026-01-29 20:34:07,171 - demo1_protocol_portability - INFO - Total Messages Sent: 6
2026-01-29 20:34:07,171 - demo1_protocol_portability - INFO - Violations Detected: 0
2026-01-29 20:34:07,172 - demo1_protocol_portability - INFO - ======================================================================
